// Jest Snapshot v1, https://goo.gl/fbAQLP

exports[`user new Password test Description userNewPassword should render correctly 1`] = `
<div
  className="login-container"
>
  <div
    className="app-logo"
  >
    <img
      src="logo1.png"
    />
  </div>
  <div
    className="passwordPage"
  >
    <h6
      className="login-text"
    >
      Please enter a new password for your account
    </h6>
    <ForwardRef(InternalForm)
      onSubmitCapture={[Function]}
    >
      <FormItem
        name="temp_password"
        rules={
          Array [
            Object {
              "message": "Please input your temp password!",
              "required": true,
            },
          ]
        }
      >
        <Input
          id="temp_password"
          name="temp_password"
          onChange={[Function]}
          placeholder="Old Password"
          prefix={
            <ForwardRef(LockOutlined)
              className="site-form-item-icon"
            />
          }
          type="password"
        />
      </FormItem>
      <FormItem
        id="passErr"
        name="user_newpassword"
        rules={
          Array [
            Object {
              "message": "Please input your New Password!",
              "required": true,
            },
            Object {
              "message": "Password must be minimum 5 characters.",
              "min": 5,
            },
          ]
        }
      >
        <Input
          id="user_newpassword"
          name="user_newpassword"
          onChange={[Function]}
          placeholder="New Password"
          prefix={
            <ForwardRef(LockOutlined)
              className="site-form-item-icon"
            />
          }
          type="password"
        />
      </FormItem>
      <FormItem
        id="passconfirmEr"
        name="user_confirm_password"
        rules={
          Array [
            Object {
              "message": "Please input your Confirm Password!",
              "required": true,
            },
            [Function],
          ]
        }
      >
        <Input
          id="user_confirm_password"
          name="user_confirm_password"
          onChange={[Function]}
          placeholder="Confirm Password"
          prefix={
            <ForwardRef(LockOutlined)
              className="site-form-item-icon"
            />
          }
          type="password"
        />
      </FormItem>
      <FormItem
        className="singIn-btn"
      >
        <Button
          block={false}
          className="login-form-button"
          ghost={false}
          htmlType="submit"
          id="submit"
          loading={false}
          type="primary"
        >
          Submit
        </Button>
      </FormItem>
    </ForwardRef(InternalForm)>
  </div>
</div>
`;
